## statements (0)

## text
PLAN: 0 change(s), 0 suppressed  —  gate verdict REQUIRES-APPROVAL

  (no changes proposed)


## json
{"verdict":"requires-approval","exitCode":2,"desiredStateComplete":true,"changeCount":0,"changes":[],"findings":[],"suppressed":[],"scope":{"liveDatabaseInspected":false,"schemaCompleteness":{"categories":[],"fullyComplete":true},"corpus":{"sourceCount":0,"sourceRoots":[],"indexedSources":[],"indexedSourcesTruncated":false,"parseFailures":0,"extractionGaps":0},"dialectCompatibility":{"state":"no-parsing-performed","parserMajor":null,"serverMajor":null},"parseImpliesTargetAccepts":false,"runtimeQueriesIndexed":false,"externalConsumersIndexed":false,"ormMetadataIndexed":false,"supportsAbsenceClaim":false}}
